CD

cd â€” change the working directory

# Change to home directory:
$ cd
OR
$ cd ~

# Change to previous directory:
$ cd /tmp
$ cd
$ cd -  # this line returns to /tmp

# cd is a shell builtin (not an executable).
# Each process has its own working directory.
# One process cannot change another's cwd.

$ type cd
cd is a shell builtin

$ command cd
cd: command not found

---